Cache size                    : 32768
Block size                    : 64
Associativity                 : 8
Read only ports               : 0
Write only ports              : 0
Read write ports              : 1
Single ended read ports       : 0
Cache banks (UCA)             : 1
Technology                    : 0.022
Temperature                   : 360
Tag size                      : 42
array type                    : Cache
Model as memory               : 0
Model as 3D memory       	 : 0
Access mode                   : 2
Data array cell type          : 0
Data array peripheral type    : 0
Tag array cell type           : 0
Tag array peripheral type     : 0
Optimization target           : 2
Design objective (UCA wt)     : 0 0 50 50 0
Design objective (UCA dev)    : 10000000 100 50 100000 100000
Cache model                   : 0
Nuca bank                     : 0
Wire inside mat               : 1
Wire outside mat              : 1
Interconnect projection       : 1
Wire signaling               : 1
Print level                   : 1
ECC overhead                  : 1
Page size                     : 8192
Burst length                  : 8
Internal prefetch width       : 8
Force cache config            : 0
Subarray Driver direction       : 1
iostate                       : READ
dram_ecc                      : NO_ECC
io_type                     : DDR3
dram_dimm                      : UDIMM
IO Area (sq.mm) = inf
IO Timing Margin (ps) = -3.33298e+06
IO Votlage Margin (V) = -4499.66
IO Dynamic Power (mW) = 2432.61 PHY Power (mW) = 210.224 PHY Wakeup Time (us) = 27.503
IO Termination and Bias Power (mW) = 1417.78

---------- CACTI (version 7.0.3DD Prerelease of Aug, 2012), Uniform Cache Access SRAM Model ----------

Cache Parameters:
    Total cache size (bytes): 32768
    Number of banks: 1
    Associativity: 8
    Block size (bytes): 64
    Read/write Ports: 1
    Read ports: 0
    Write ports: 0
    Technology size (nm): 22

    Access time (ns): 0.775724
    Cycle time (ns):  1.34679
    Total dynamic read energy per access (nJ): 0.59615
    Total dynamic write energy per access (nJ): 0.61704
    Total leakage power of a bank (mW): 23.7456
    Total gate leakage power of a bank (mW): 0.0797607
    Cache height x width (mm): 0.723814 x 1.12937

    Best Ndwl : 4
    Best Ndbl : 2
    Best Nspd : 1
    Best Ndcm : 1
    Best Ndsam L1 : 1
    Best Ndsam L2 : 1

    Best Ntwl : 8
    Best Ntbl : 2
    Best Ntspd : 0.5
    Best Ntcm : 1
    Best Ntsam L1 : 1
    Best Ntsam L2 : 1
    Data array, H-tree wire type: Global wires with 30% delay penalty
    Tag array, H-tree wire type: Global wires with 30% delay penalty

Time Components:

  Data side (with Output driver) (ns): 0.775724
	H-tree input delay (ns): 0.161206
	Decoder + wordline delay (ns): 0.245559
	Bitline delay (ns): 0.0820929
	Sense Amplifier delay (ns): 0.00189739
	H-tree output delay (ns): 0.284968

  Tag side (with Output driver) (ns): 0.22753
	H-tree input delay (ns): 0.0289502
	Decoder + wordline delay (ns): 0.0497563
	Bitline delay (ns): 0.0252392
	Sense Amplifier delay (ns): 0.00189739
	Comparator delay (ns): 0.0186725
	H-tree output delay (ns): 0.121687


Power Components:

  Data array: Total dynamic read energy/access  (nJ): 0.595096
	Total energy in H-tree (that includes both address and data transfer) (nJ): 0.391006
	Output Htree inside bank Energy (nJ): 0.390497
	Decoder (nJ): 9.03014e-06
	Wordline (nJ): 0.000275334
	Bitline mux & associated drivers (nJ): 0
	Sense amp mux & associated drivers (nJ): 0
	Bitlines precharge and equalization circuit (nJ): 0.00163006
	Bitlines (nJ): 0.00236048
	Sense amplifier energy (nJ): 0.0018371
	Sub-array output driver (nJ): 0.197978
	Total leakage power of a bank (mW): 22.3951
	Total leakage power in H-tree (that includes both address and data network) ((mW)): 14.9882
	Total leakage power in cells (mW): 0
	Total leakage power in row logic(mW): 0
	Total leakage power in column logic(mW): 0
	Total gate leakage power in H-tree (that includes both address and data network) ((mW)): 0.0732124

  Tag array:  Total dynamic read energy/access (nJ): 0.00105377
	Total leakage read/write power of a bank (mW): 1.35049
	Total energy in H-tree (that includes both address and data transfer) (nJ): 9.51469e-05
	Output Htree inside a bank Energy (nJ): 5.69872e-05
	Decoder (nJ): 8.63912e-05
	Wordline (nJ): 2.08239e-05
	Bitline mux & associated drivers (nJ): 0
	Sense amp mux & associated drivers (nJ): 0
	Bitlines precharge and equalization circuit (nJ): 0.000140359
	Bitlines (nJ): 0.000232951
	Sense amplifier energy (nJ): 0.000100466
	Sub-array output driver (nJ): 9.06915e-06
	Total leakage power of a bank (mW): 1.35049
	Total leakage power in H-tree (that includes both address and data network) ((mW)): 0.0093244
	Total leakage power in cells (mW): 0
	Total leakage power in row logic(mW): 0
	Total leakage power in column logic(mW): 0
	Total gate leakage power in H-tree (that includes both address and data network) ((mW)): 7.33371e-05


Area Components:

  Data array: Area (mm2): 0.783066
	Height (mm): 0.723814
	Width (mm): 1.08186
	Area efficiency (Memory cell area/Total area) - 2.66129 %
		MAT Height (mm): 0.266302
		MAT Length (mm): 0.540666
		Subarray Height (mm): 0.0102784
		Subarray Length (mm): 0.26532

  Tag array: Area (mm2): 0.00260902
	Height (mm): 0.0549127
	Width (mm): 0.0475121
	Area efficiency (Memory cell area/Total area) - 58.2426 %
		MAT Height (mm): 0.0473887
		MAT Length (mm): 0.011482
		Subarray Height (mm): 0.0205568
		Subarray Length (mm): 0.004785

Wire Properties:

  Delay Optimal
	Repeater size - 42.0297 
	Repeater spacing - 0.0329013 (mm) 
	Delay - 0.216837 (ns/mm) 
	PowerD - 0.000279845 (nJ/mm) 
	PowerL - 0.0215298 (mW/mm) 
	PowerLgate - 9.15623e-05 (mW/mm)
	Wire width - 0.022 microns
	Wire spacing - 0.022 microns

  5% Overhead
	Repeater size - 17.0297 
	Repeater spacing - 0.0329013 (mm) 
	Delay - 0.226875 (ns/mm) 
	PowerD - 0.0001818 (nJ/mm) 
	PowerL - 0.00872349 (mW/mm) 
	PowerLgate - 3.70994e-05 (mW/mm)
	Wire width - 0.022 microns
	Wire spacing - 0.022 microns

  10% Overhead
	Repeater size - 15.0297 
	Repeater spacing - 0.0329013 (mm) 
	Delay - 0.235988 (ns/mm) 
	PowerD - 0.000174237 (nJ/mm) 
	PowerL - 0.00769899 (mW/mm) 
	PowerLgate - 3.27424e-05 (mW/mm)
	Wire width - 0.022 microns
	Wire spacing - 0.022 microns

  20% Overhead
	Repeater size - 12.0297 
	Repeater spacing - 0.0329013 (mm) 
	Delay - 0.257722 (ns/mm) 
	PowerD - 0.00016297 (nJ/mm) 
	PowerL - 0.00616223 (mW/mm) 
	PowerLgate - 2.62069e-05 (mW/mm)
	Wire width - 0.022 microns
	Wire spacing - 0.022 microns

  30% Overhead
	Repeater size - 10.0297 
	Repeater spacing - 0.0329013 (mm) 
	Delay - 0.28134 (ns/mm) 
	PowerD - 0.000155511 (nJ/mm) 
	PowerL - 0.00513773 (mW/mm) 
	PowerLgate - 2.18498e-05 (mW/mm)
	Wire width - 0.022 microns
	Wire spacing - 0.022 microns

  Low-swing wire (1 mm) - Note: Unlike repeated wires, 
	delay and power values of low-swing wires do not
	have a linear relationship with length. 
	delay - 0.0902442 (ns) 
	powerD - 2.8399e-06 (nJ) 
	PowerL - 1.71796e-07 (mW) 
	PowerLgate - 1.29017e-09 (mW)
	Wire width - 4.4e-08 microns
	Wire spacing - 4.4e-08 microns


