Cache size                    : 1088
Block size                    : 1
Associativity                 : 17
Read only ports               : 8
Write only ports              : 2
Read write ports              : 0
Single ended read ports       : 0
Cache banks (UCA)             : 1
Technology                    : 0.022
Temperature                   : 360
Tag size                      : 7
array type                    : Cache
Model as memory               : 0
Model as 3D memory       	 : 0
Access mode                   : 2
Data array cell type          : 0
Data array peripheral type    : 0
Tag array cell type           : 0
Tag array peripheral type     : 0
Optimization target           : 2
Design objective (UCA wt)     : 0 0 0 100 0
Design objective (UCA dev)    : 20 100000 100000 100000 100000
Cache model                   : 0
Nuca bank                     : 0
Wire inside mat               : 2
Wire outside mat              : 2
Interconnect projection       : 0
Wire signaling               : 1
Print level                   : 1
ECC overhead                  : 0
Page size                     : 8192
Burst length                  : 8
Internal prefetch width       : 8
Force cache config            : 0
Subarray Driver direction       : 1
iostate                       : READ
dram_ecc                      : NO_ECC
io_type                     : DDR3
dram_dimm                      : UDIMM
IO Area (sq.mm) = inf
IO Timing Margin (ps) = 35.8333
IO Votlage Margin (V) = 0.155
IO Dynamic Power (mW) = 1282.42 PHY Power (mW) = 232.752 PHY Wakeup Time (us) = 27.503
IO Termination and Bias Power (mW) = 3136.7

---------- CACTI (version 7.0.3DD Prerelease of Aug, 2012), Uniform Cache Access SRAM Model ----------

Cache Parameters:
    Total cache size (bytes): 1088
    Number of banks: 1
    Associativity: 17
    Block size (bytes): 1
    Read/write Ports: 0
    Read ports: 8
    Write ports: 2
    Technology size (nm): 22

    Access time (ns): 0.146358
    Cycle time (ns):  0.111227
    Total dynamic read energy per access (nJ): 0.00935655
    Total dynamic write energy per access (nJ): 0.00869632
    Total leakage power of a bank (mW): 27.6248
    Total gate leakage power of a bank (mW): 0.114065
    Cache height x width (mm): 0.241258 x 0.395558

    Best Ndwl : 2
    Best Ndbl : 2
    Best Nspd : 1
    Best Ndcm : 2
    Best Ndsam L1 : 1
    Best Ndsam L2 : 1

    Best Ntwl : 2
    Best Ntbl : 4
    Best Ntspd : 1
    Best Ntcm : 1
    Best Ntsam L1 : 4
    Best Ntsam L2 : 1
    Data array, H-tree wire type: Delay optimized global wires
    Tag array, H-tree wire type: Delay optimized global wires

Time Components:

  Data side (with Output driver) (ns): 0.133866
	H-tree input delay (ns): 0
	Decoder + wordline delay (ns): 0.0655246
	Bitline delay (ns): 0.0419348
	Sense Amplifier delay (ns): 0.00193262
	H-tree output delay (ns): 0.0244735

  Tag side (with Output driver) (ns): 0.146358
	H-tree input delay (ns): 0.0147386
	Decoder + wordline delay (ns): 0.0554848
	Bitline delay (ns): 0.0244367
	Sense Amplifier delay (ns): 0.00179761
	Comparator delay (ns): 0.01029
	H-tree output delay (ns): 0.0499008


Power Components:

  Data array: Total dynamic read energy/access  (nJ): 0.00422891
	Total energy in H-tree (that includes both address and data transfer) (nJ): 0
	Output Htree inside bank Energy (nJ): 0
	Decoder (nJ): 2.13728e-05
	Wordline (nJ): 7.93163e-05
	Bitline mux & associated drivers (nJ): 5.14422e-05
	Sense amp mux & associated drivers (nJ): 0
	Bitlines precharge and equalization circuit (nJ): 0.000159135
	Bitlines (nJ): 0.000403614
	Sense amplifier energy (nJ): 5.52265e-05
	Sub-array output driver (nJ): 0.0034588
	Total leakage power of a bank (mW): 3.10846
	Total leakage power in H-tree (that includes both address and data network) ((mW)): 0
	Total leakage power in cells (mW): 0
	Total leakage power in row logic(mW): 0
	Total leakage power in column logic(mW): 0
	Total gate leakage power in H-tree (that includes both address and data network) ((mW)): 0

  Tag array:  Total dynamic read energy/access (nJ): 0.00512764
	Total leakage read/write power of a bank (mW): 24.5164
	Total energy in H-tree (that includes both address and data transfer) (nJ): 0.0040382
	Output Htree inside a bank Energy (nJ): 0.00257852
	Decoder (nJ): 2.47464e-05
	Wordline (nJ): 7.26849e-05
	Bitline mux & associated drivers (nJ): 0
	Sense amp mux & associated drivers (nJ): 3.32975e-05
	Bitlines precharge and equalization circuit (nJ): 0.000142933
	Bitlines (nJ): 0.000188512
	Sense amplifier energy (nJ): 9.06505e-05
	Sub-array output driver (nJ): 0.000383504
	Total leakage power of a bank (mW): 24.5164
	Total leakage power in H-tree (that includes both address and data network) ((mW)): 2.1494
	Total leakage power in cells (mW): 0
	Total leakage power in row logic(mW): 0
	Total leakage power in column logic(mW): 0
	Total gate leakage power in H-tree (that includes both address and data network) ((mW)): 0.0179068


Area Components:

  Data array: Area (mm2): 0.0453457
	Height (mm): 0.241258
	Width (mm): 0.187955
	Area efficiency (Memory cell area/Total area) - 30.4535 %
		MAT Height (mm): 0.241258
		MAT Length (mm): 0.187955
		Subarray Height (mm): 0.0419584
		Subarray Length (mm): 0.08294

  Tag array: Area (mm2): 0.0397448
	Height (mm): 0.191445
	Width (mm): 0.207604
	Area efficiency (Memory cell area/Total area) - 30.6574 %
		MAT Height (mm): 0.0895627
		MAT Length (mm): 0.168884
		Subarray Height (mm): 0.0209792
		Subarray Length (mm): 0.073095

Wire Properties:

  Delay Optimal
	Repeater size - 103.081 
	Repeater spacing - 0.0804897 (mm) 
	Delay - 0.0886354 (ns/mm) 
	PowerD - 0.000280553 (nJ/mm) 
	PowerL - 0.0215843 (mW/mm) 
	PowerLgate - 9.17939e-05 (mW/mm)
	Wire width - 0.044 microns
	Wire spacing - 0.044 microns

  5% Overhead
	Repeater size - 42.0815 
	Repeater spacing - 0.0804897 (mm) 
	Delay - 0.0925414 (ns/mm) 
	PowerD - 0.000182747 (nJ/mm) 
	PowerL - 0.00881145 (mW/mm) 
	PowerLgate - 3.74735e-05 (mW/mm)
	Wire width - 0.044 microns
	Wire spacing - 0.044 microns

  10% Overhead
	Repeater size - 36.0815 
	Repeater spacing - 0.0804897 (mm) 
	Delay - 0.0971883 (ns/mm) 
	PowerD - 0.000173475 (nJ/mm) 
	PowerL - 0.00755511 (mW/mm) 
	PowerLgate - 3.21305e-05 (mW/mm)
	Wire width - 0.044 microns
	Wire spacing - 0.044 microns

  20% Overhead
	Repeater size - 42.0815 
	Repeater spacing - 0.18049 (mm) 
	Delay - 0.106204 (ns/mm) 
	PowerD - 0.000152379 (nJ/mm) 
	PowerL - 0.00392948 (mW/mm) 
	PowerLgate - 1.67114e-05 (mW/mm)
	Wire width - 0.044 microns
	Wire spacing - 0.044 microns

  30% Overhead
	Repeater size - 33.0815 
	Repeater spacing - 0.18049 (mm) 
	Delay - 0.114067 (ns/mm) 
	PowerD - 0.00014499 (nJ/mm) 
	PowerL - 0.00308908 (mW/mm) 
	PowerLgate - 1.31373e-05 (mW/mm)
	Wire width - 0.044 microns
	Wire spacing - 0.044 microns

  Low-swing wire (1 mm) - Note: Unlike repeated wires, 
	delay and power values of low-swing wires do not
	have a linear relationship with length. 
	delay - 0.0902442 (ns) 
	powerD - 2.8399e-06 (nJ) 
	PowerL - 1.71796e-07 (mW) 
	PowerLgate - 1.29017e-09 (mW)
	Wire width - 8.8e-08 microns
	Wire spacing - 8.8e-08 microns


top 3 best memory configurations are:
Memory    cap: 80 GB num_bobs: 1 bw: 533 (MHz) cost: $731.2 energy: 32.6101 (nJ) 
 {
 (0)  BoB       cap: 80 GB num_channels: 1 bw: 533 (MHz) cost: $731.2 energy: 32.6101 (nJ) 
    ==============
    (0) cap: 80 GB bw: 533 (MHz) cost: $731.2 dpc: 3 energy: 32.6101 (nJ)  DIMM:  RDIMM  low power: F [ 0(4GB) 0(8GB) 1(16GB) 2(32GB) 0(64GB) ]
    ==============

 }

=============================================

