Cache size                    : 640
Block size                    : 1
Associativity                 : 10
Read only ports               : 8
Write only ports              : 2
Read write ports              : 0
Single ended read ports       : 0
Cache banks (UCA)             : 1
Technology                    : 0.022
Temperature                   : 360
Tag size                      : 8
array type                    : Cache
Model as memory               : 0
Model as 3D memory       	 : 0
Access mode                   : 0
Data array cell type          : 0
Data array peripheral type    : 0
Tag array cell type           : 0
Tag array peripheral type     : 0
Optimization target           : 2
Design objective (UCA wt)     : 0 0 0 100 0
Design objective (UCA dev)    : 20 100000 100000 100000 100000
Cache model                   : 0
Nuca bank                     : 0
Wire inside mat               : 1
Wire outside mat              : 1
Interconnect projection       : 1
Wire signaling               : 1
Print level                   : 1
ECC overhead                  : 0
Page size                     : 8192
Burst length                  : 8
Internal prefetch width       : 8
Force cache config            : 0
Subarray Driver direction       : 1
iostate                       : READ
dram_ecc                      : NO_ECC
io_type                     : DDR3
dram_dimm                      : UDIMM
IO Area (sq.mm) = inf
IO Timing Margin (ps) = 35.8333
IO Votlage Margin (V) = 0.155
IO Dynamic Power (mW) = 1282.42 PHY Power (mW) = 232.752 PHY Wakeup Time (us) = 27.503
IO Termination and Bias Power (mW) = 3136.7

---------- CACTI (version 7.0.3DD Prerelease of Aug, 2012), Uniform Cache Access SRAM Model ----------

Cache Parameters:
    Total cache size (bytes): 640
    Number of banks: 1
    Associativity: 10
    Block size (bytes): 1
    Read/write Ports: 0
    Read ports: 8
    Write ports: 2
    Technology size (nm): 22

    Access time (ns): 0.18474
    Cycle time (ns):  0.110998
    Total dynamic read energy per access (nJ): 0.00139372
    Total dynamic write energy per access (nJ): 0.00144996
    Total leakage power of a bank (mW): 5.75958
    Total gate leakage power of a bank (mW): 0.0221707
    Cache height x width (mm): 0.120206 x 0.252254

    Best Ndwl : 2
    Best Ndbl : 2
    Best Nspd : 1
    Best Ndcm : 2
    Best Ndsam L1 : 16
    Best Ndsam L2 : 1

    Best Ntwl : 2
    Best Ntbl : 2
    Best Ntspd : 1.125
    Best Ntcm : 1
    Best Ntsam L1 : 4
    Best Ntsam L2 : 1
    Data array, H-tree wire type: Delay optimized global wires
    Tag array, H-tree wire type: Delay optimized global wires

Time Components:

  Data side (with Output driver) (ns): 0.142234
	H-tree input delay (ns): 0
	Decoder + wordline delay (ns): 0.0702391
	Bitline delay (ns): 0.040904
	Sense Amplifier delay (ns): 0.00193262
	H-tree output delay (ns): 0.0291585

  Tag side (with Output driver) (ns): 0.131349
	H-tree input delay (ns): 0
	Decoder + wordline delay (ns): 0.0652533
	Bitline delay (ns): 0.0374189
	Sense Amplifier delay (ns): 0.00179707
	Comparator delay (ns): 0.0114871
	H-tree output delay (ns): 0.0268792


Power Components:

  Data array: Total dynamic read energy/access  (nJ): 0.000579277
	Total energy in H-tree (that includes both address and data transfer) (nJ): 0
	Output Htree inside bank Energy (nJ): 0
	Decoder (nJ): 2.13237e-05
	Wordline (nJ): 5.44158e-05
	Bitline mux & associated drivers (nJ): 3.25097e-05
	Sense amp mux & associated drivers (nJ): 0
	Bitlines precharge and equalization circuit (nJ): 0.000102313
	Bitlines (nJ): 0.000236639
	Sense amplifier energy (nJ): 3.24862e-05
	Sub-array output driver (nJ): 7.81858e-05
	Total leakage power of a bank (mW): 0.789865
	Total leakage power in H-tree (that includes both address and data network) ((mW)): 0
	Total leakage power in cells (mW): 0
	Total leakage power in row logic(mW): 0
	Total leakage power in column logic(mW): 0
	Total gate leakage power in H-tree (that includes both address and data network) ((mW)): 0

  Tag array:  Total dynamic read energy/access (nJ): 0.000814445
	Total leakage read/write power of a bank (mW): 4.96971
	Total energy in H-tree (that includes both address and data transfer) (nJ): 0
	Output Htree inside a bank Energy (nJ): 0
	Decoder (nJ): 3.7404e-05
	Wordline (nJ): 5.96126e-05
	Bitline mux & associated drivers (nJ): 0
	Sense amp mux & associated drivers (nJ): 2.6386e-05
	Bitlines precharge and equalization circuit (nJ): 0.000112425
	Bitlines (nJ): 0.000242078
	Sense amplifier energy (nJ): 6.79673e-05
	Sub-array output driver (nJ): 0.000169533
	Total leakage power of a bank (mW): 4.96971
	Total leakage power in H-tree (that includes both address and data network) ((mW)): 0
	Total leakage power in cells (mW): 0
	Total leakage power in row logic(mW): 0
	Total leakage power in column logic(mW): 0
	Total gate leakage power in H-tree (that includes both address and data network) ((mW)): 0


Area Components:

  Data array: Area (mm2): 0.0144299
	Height (mm): 0.120206
	Width (mm): 0.120043
	Area efficiency (Memory cell area/Total area) - 56.2937 %
		MAT Height (mm): 0.120206
		MAT Length (mm): 0.120043
		Subarray Height (mm): 0.0419584
		Subarray Length (mm): 0.04873

  Tag array: Area (mm2): 0.013285
	Height (mm): 0.100484
	Width (mm): 0.132211
	Area efficiency (Memory cell area/Total area) - 62.3393 %
		MAT Height (mm): 0.100484
		MAT Length (mm): 0.132211
		Subarray Height (mm): 0.0380248
		Subarray Length (mm): 0.05478

Wire Properties:

  Delay Optimal
	Repeater size - 42.0297 
	Repeater spacing - 0.0329013 (mm) 
	Delay - 0.216837 (ns/mm) 
	PowerD - 0.000279845 (nJ/mm) 
	PowerL - 0.0215298 (mW/mm) 
	PowerLgate - 9.15623e-05 (mW/mm)
	Wire width - 0.022 microns
	Wire spacing - 0.022 microns

  5% Overhead
	Repeater size - 17.0297 
	Repeater spacing - 0.0329013 (mm) 
	Delay - 0.226875 (ns/mm) 
	PowerD - 0.0001818 (nJ/mm) 
	PowerL - 0.00872349 (mW/mm) 
	PowerLgate - 3.70994e-05 (mW/mm)
	Wire width - 0.022 microns
	Wire spacing - 0.022 microns

  10% Overhead
	Repeater size - 15.0297 
	Repeater spacing - 0.0329013 (mm) 
	Delay - 0.235988 (ns/mm) 
	PowerD - 0.000174237 (nJ/mm) 
	PowerL - 0.00769899 (mW/mm) 
	PowerLgate - 3.27424e-05 (mW/mm)
	Wire width - 0.022 microns
	Wire spacing - 0.022 microns

  20% Overhead
	Repeater size - 12.0297 
	Repeater spacing - 0.0329013 (mm) 
	Delay - 0.257722 (ns/mm) 
	PowerD - 0.00016297 (nJ/mm) 
	PowerL - 0.00616223 (mW/mm) 
	PowerLgate - 2.62069e-05 (mW/mm)
	Wire width - 0.022 microns
	Wire spacing - 0.022 microns

  30% Overhead
	Repeater size - 10.0297 
	Repeater spacing - 0.0329013 (mm) 
	Delay - 0.28134 (ns/mm) 
	PowerD - 0.000155511 (nJ/mm) 
	PowerL - 0.00513773 (mW/mm) 
	PowerLgate - 2.18498e-05 (mW/mm)
	Wire width - 0.022 microns
	Wire spacing - 0.022 microns

  Low-swing wire (1 mm) - Note: Unlike repeated wires, 
	delay and power values of low-swing wires do not
	have a linear relationship with length. 
	delay - 0.0902442 (ns) 
	powerD - 2.8399e-06 (nJ) 
	PowerL - 1.71796e-07 (mW) 
	PowerLgate - 1.29017e-09 (mW)
	Wire width - 4.4e-08 microns
	Wire spacing - 4.4e-08 microns


top 3 best memory configurations are:
Memory    cap: 80 GB num_bobs: 1 bw: 533 (MHz) cost: $731.2 energy: 32.6101 (nJ) 
 {
 (0)  BoB       cap: 80 GB num_channels: 1 bw: 533 (MHz) cost: $731.2 energy: 32.6101 (nJ) 
    ==============
    (0) cap: 80 GB bw: 533 (MHz) cost: $731.2 dpc: 3 energy: 32.6101 (nJ)  DIMM:  RDIMM  low power: F [ 0(4GB) 0(8GB) 1(16GB) 2(32GB) 0(64GB) ]
    ==============

 }

=============================================

