Cache size                    : 8192
Block size                    : 2
Associativity                 : 8
Read only ports               : 8
Write only ports              : 2
Read write ports              : 0
Single ended read ports       : 0
Cache banks (UCA)             : 1
Technology                    : 0.022
Temperature                   : 360
Tag size                      : 10
array type                    : Cache
Model as memory               : 0
Model as 3D memory       	 : 0
Access mode                   : 0
Data array cell type          : 0
Data array peripheral type    : 0
Tag array cell type           : 0
Tag array peripheral type     : 0
Optimization target           : 2
Design objective (UCA wt)     : 0 0 0 100 0
Design objective (UCA dev)    : 20 100000 100000 100000 100000
Cache model                   : 0
Nuca bank                     : 0
Wire inside mat               : 1
Wire outside mat              : 1
Interconnect projection       : 1
Wire signaling               : 1
Print level                   : 1
ECC overhead                  : 0
Page size                     : 8192
Burst length                  : 8
Internal prefetch width       : 8
Force cache config            : 0
Subarray Driver direction       : 1
iostate                       : READ
dram_ecc                      : NO_ECC
io_type                     : DDR3
dram_dimm                      : UDIMM
IO Area (sq.mm) = inf
IO Timing Margin (ps) = 35.8333
IO Votlage Margin (V) = 0.155
IO Dynamic Power (mW) = 1282.42 PHY Power (mW) = 232.752 PHY Wakeup Time (us) = 27.503
IO Termination and Bias Power (mW) = 3136.7

---------- CACTI (version 7.0.3DD Prerelease of Aug, 2012), Uniform Cache Access SRAM Model ----------

Cache Parameters:
    Total cache size (bytes): 8192
    Number of banks: 1
    Associativity: 8
    Block size (bytes): 2
    Read/write Ports: 0
    Read ports: 8
    Write ports: 2
    Technology size (nm): 22

    Access time (ns): 0.498887
    Cycle time (ns):  0.432862
    Total dynamic read energy per access (nJ): 0.0194444
    Total dynamic write energy per access (nJ): 0.0145771
    Total leakage power of a bank (mW): 26.0766
    Total gate leakage power of a bank (mW): 0.0884798
    Cache height x width (mm): 0.451751 x 0.606396

    Best Ndwl : 2
    Best Ndbl : 2
    Best Nspd : 2
    Best Ndcm : 8
    Best Ndsam L1 : 8
    Best Ndsam L2 : 1

    Best Ntwl : 4
    Best Ntbl : 8
    Best Ntspd : 2
    Best Ntcm : 1
    Best Ntsam L1 : 4
    Best Ntsam L2 : 1
    Data array, H-tree wire type: Delay optimized global wires
    Tag array, H-tree wire type: Delay optimized global wires

Time Components:

  Data side (with Output driver) (ns): 0.453551
	H-tree input delay (ns): 0
	Decoder + wordline delay (ns): 0.217338
	Bitline delay (ns): 0.17224
	Sense Amplifier delay (ns): 0.00193262
	H-tree output delay (ns): 0.0620406

  Tag side (with Output driver) (ns): 0.37794
	H-tree input delay (ns): 0.0913412
	Decoder + wordline delay (ns): 0.0702391
	Bitline delay (ns): 0.0390747
	Sense Amplifier delay (ns): 0.00179707
	Comparator delay (ns): 0.0114871
	H-tree output delay (ns): 0.164001


Power Components:

  Data array: Total dynamic read energy/access  (nJ): 0.00386345
	Total energy in H-tree (that includes both address and data transfer) (nJ): 0
	Output Htree inside bank Energy (nJ): 0
	Decoder (nJ): 6.33625e-05
	Wordline (nJ): 0.000128694
	Bitline mux & associated drivers (nJ): 6.50735e-05
	Sense amp mux & associated drivers (nJ): 0
	Bitlines precharge and equalization circuit (nJ): 0.00028029
	Bitlines (nJ): 0.00286184
	Sense amplifier energy (nJ): 2.59889e-05
	Sub-array output driver (nJ): 0.000382907
	Total leakage power of a bank (mW): 7.56865
	Total leakage power in H-tree (that includes both address and data network) ((mW)): 0
	Total leakage power in cells (mW): 0
	Total leakage power in row logic(mW): 0
	Total leakage power in column logic(mW): 0
	Total gate leakage power in H-tree (that includes both address and data network) ((mW)): 0

  Tag array:  Total dynamic read energy/access (nJ): 0.0155809
	Total leakage read/write power of a bank (mW): 18.5079
	Total energy in H-tree (that includes both address and data transfer) (nJ): 0.0143048
	Output Htree inside a bank Energy (nJ): 0.00591111
	Decoder (nJ): 4.26473e-05
	Wordline (nJ): 0.000108832
	Bitline mux & associated drivers (nJ): 0
	Sense amp mux & associated drivers (nJ): 4.82206e-05
	Bitlines precharge and equalization circuit (nJ): 0.000204626
	Bitlines (nJ): 0.000471854
	Sense amplifier energy (nJ): 0.000120831
	Sub-array output driver (nJ): 0.000120961
	Total leakage power of a bank (mW): 18.5079
	Total leakage power in H-tree (that includes both address and data network) ((mW)): 3.36334
	Total leakage power in cells (mW): 0
	Total leakage power in row logic(mW): 0
	Total leakage power in column logic(mW): 0
	Total gate leakage power in H-tree (that includes both address and data network) ((mW)): 0.0237129


Area Components:

  Data array: Area (mm2): 0.12572
	Height (mm): 0.37529
	Width (mm): 0.334994
	Area efficiency (Memory cell area/Total area) - 82.7047 %
		MAT Height (mm): 0.37529
		MAT Length (mm): 0.334994
		Subarray Height (mm): 0.167834
		Subarray Length (mm): 0.1562

  Tag array: Area (mm2): 0.122606
	Height (mm): 0.451751
	Width (mm): 0.271402
	Area efficiency (Memory cell area/Total area) - 53.0032 %
		MAT Height (mm): 0.10713
		MAT Length (mm): 0.120389
		Subarray Height (mm): 0.0419584
		Subarray Length (mm): 0.04873

Wire Properties:

  Delay Optimal
	Repeater size - 42.0297 
	Repeater spacing - 0.0329013 (mm) 
	Delay - 0.216837 (ns/mm) 
	PowerD - 0.000279845 (nJ/mm) 
	PowerL - 0.0215298 (mW/mm) 
	PowerLgate - 9.15623e-05 (mW/mm)
	Wire width - 0.022 microns
	Wire spacing - 0.022 microns

  5% Overhead
	Repeater size - 17.0297 
	Repeater spacing - 0.0329013 (mm) 
	Delay - 0.226875 (ns/mm) 
	PowerD - 0.0001818 (nJ/mm) 
	PowerL - 0.00872349 (mW/mm) 
	PowerLgate - 3.70994e-05 (mW/mm)
	Wire width - 0.022 microns
	Wire spacing - 0.022 microns

  10% Overhead
	Repeater size - 15.0297 
	Repeater spacing - 0.0329013 (mm) 
	Delay - 0.235988 (ns/mm) 
	PowerD - 0.000174237 (nJ/mm) 
	PowerL - 0.00769899 (mW/mm) 
	PowerLgate - 3.27424e-05 (mW/mm)
	Wire width - 0.022 microns
	Wire spacing - 0.022 microns

  20% Overhead
	Repeater size - 12.0297 
	Repeater spacing - 0.0329013 (mm) 
	Delay - 0.257722 (ns/mm) 
	PowerD - 0.00016297 (nJ/mm) 
	PowerL - 0.00616223 (mW/mm) 
	PowerLgate - 2.62069e-05 (mW/mm)
	Wire width - 0.022 microns
	Wire spacing - 0.022 microns

  30% Overhead
	Repeater size - 10.0297 
	Repeater spacing - 0.0329013 (mm) 
	Delay - 0.28134 (ns/mm) 
	PowerD - 0.000155511 (nJ/mm) 
	PowerL - 0.00513773 (mW/mm) 
	PowerLgate - 2.18498e-05 (mW/mm)
	Wire width - 0.022 microns
	Wire spacing - 0.022 microns

  Low-swing wire (1 mm) - Note: Unlike repeated wires, 
	delay and power values of low-swing wires do not
	have a linear relationship with length. 
	delay - 0.0902442 (ns) 
	powerD - 2.8399e-06 (nJ) 
	PowerL - 1.71796e-07 (mW) 
	PowerLgate - 1.29017e-09 (mW)
	Wire width - 4.4e-08 microns
	Wire spacing - 4.4e-08 microns


top 3 best memory configurations are:
Memory    cap: 80 GB num_bobs: 1 bw: 533 (MHz) cost: $731.2 energy: 32.6101 (nJ) 
 {
 (0)  BoB       cap: 80 GB num_channels: 1 bw: 533 (MHz) cost: $731.2 energy: 32.6101 (nJ) 
    ==============
    (0) cap: 80 GB bw: 533 (MHz) cost: $731.2 dpc: 3 energy: 32.6101 (nJ)  DIMM:  RDIMM  low power: F [ 0(4GB) 0(8GB) 1(16GB) 2(32GB) 0(64GB) ]
    ==============

 }

=============================================

